// Jest Snapshot v1, https://goo.gl/fbAQLP

exports[`Snapshot test for <Profile /> 1`] = `
<form
  className="form-inline"
  style={
    Object {
      "margin": "0 auto",
      "width": "30%",
    }
  }
>
  <div
    className="form-group mx-sm-3 mb-2"
  >
    <input
      className="form-control"
      id="userId"
      placeholder="Enter user's id"
      type="number"
    />
  </div>
  <input
    className="btn btn-primary mb-2"
    type="submit"
    value="Submit"
  />
</form>
`;
